// Jest Snapshot v1, https://goo.gl/fbAQLP

exports[`matches snapshot 1`] = `
<div
  class="Board"
>
  <div
    class="Field"
  />
  <div
    class="Field"
  />
  <div
    class="Field"
  />
  <div
    class="Field"
  />
  <div
    class="Field"
  />
  <div
    class="Field"
  />
  <div
    class="Field"
  />
  <div
    class="Field"
  />
  <div
    class="Field"
  />
</div>
`;
