// Jest Snapshot v1, https://goo.gl/fbAQLP

exports[`matches snapshot 1`] = `
<div>
  <header>
    TicTacToe
  </header>
   
  <div
    class="Game"
  >
    <div
      class="Board"
    >
      <div
        class="Field"
      />
      <div
        class="Field"
      />
      <div
        class="Field"
      />
      <div
        class="Field"
      />
      <div
        class="Field"
      />
      <div
        class="Field"
      />
      <div
        class="Field"
      />
      <div
        class="Field"
      />
      <div
        class="Field"
      />
    </div>
  </div>
   
  <footer>
    
    Â© Joblocal GmbH
  
  </footer>
</div>
`;
